// Jest Snapshot v1, https://goo.gl/fbAQLP

exports[`CounterApp should match snapshot 1`] = `
<div>
  <div
    class="border rounded shadow m-5 p-5 text-center"
  >
    <h1>
      CounterApp
    </h1>
    <h2
      class="bg-success text-bg-success rounded w-25 py-3 mx-auto my-5"
    >
      100
    </h2>
    <button
      class="btn btn-danger btn-lg px-5 mx-3"
    >
      -1
    </button>
    <button
      aria-label="btn-reset"
      class="btn btn-secondary btn-lg px-5 mx-3"
    >
      Reset
    </button>
    <button
      class="btn btn-primary btn-lg px-5 mx-3"
    >
      +1
    </button>
  </div>
</div>
`;
